// Jest Snapshot v1, https://goo.gl/fbAQLP

exports[` 1`] = `
<li
  class="SpinnerWheel SpinnerWheel--stopped"
>
  <header
    class="SpinnerWheel__header"
  >
    <h2
      class="SpinnerWheel__name"
    >
      Demo Wheel
    </h2>
    <i
      class="SpinnerWheel__lock"
      role="button"
    >
      ðŸ”“
    </i>
  </header>
  <button
    class="SpinnerWheel__value SpinnerWheel__value--description"
    title="Clowns are a curious breed who sustain themselves on the laugher of children."
  >
    <!--
        ISSUE #32: somehow get contenteditable to work

        For the life of me I could not get contenteditable to work in Vue3 - so, 
        my clever workaround was to bind the size attribute to the current
        input value's length.
      -->
    <input
      class="SpinnerWheel__valueInput"
      size="6"
    />
  </button>
</li>
`;
